// Jest Snapshot v1, https://goo.gl/fbAQLP

exports[`Legend #legendColorPicker should match snapshot after onChange is called 1`] = `"<li class=\\"echLegendItem echLegendItem--right\\" data-ech-series-name=\\"splita\\"><div class=\\"echLegendItem__color echLegendItem__color--changable\\" aria-label=\\"series color\\" title=\\"change series color\\"><div><svg xmlns=\\"http://www.w3.org/2000/svg\\" width=\\"16\\" height=\\"16\\" class=\\"echIcon\\" color=\\"#0c7b93\\" focusable=\\"false\\"><defs><circle id=\\"dot-a\\" cx=\\"8\\" cy=\\"8\\" r=\\"4\\"></circle></defs><g><use xlink:href=\\"#dot-a\\"></use></g></svg></div></div><div class=\\"echLegendItem__label echLegendItem__label--clickable\\" title=\\"splita\\">splita</div></li><li class=\\"echLegendItem echLegendItem--right\\" data-ech-series-name=\\"splitb\\"><div class=\\"echLegendItem__color echLegendItem__color--changable\\" aria-label=\\"series color\\" title=\\"change series color\\"><div><svg xmlns=\\"http://www.w3.org/2000/svg\\" width=\\"16\\" height=\\"16\\" class=\\"echIcon\\" color=\\"#0c7b93\\" focusable=\\"false\\"><defs><circle id=\\"dot-a\\" cx=\\"8\\" cy=\\"8\\" r=\\"4\\"></circle></defs><g><use xlink:href=\\"#dot-a\\"></use></g></svg></div></div><div class=\\"echLegendItem__label echLegendItem__label--clickable\\" title=\\"splitb\\">splitb</div></li><li class=\\"echLegendItem echLegendItem--right\\" data-ech-series-name=\\"splitc\\"><div class=\\"echLegendItem__color echLegendItem__color--changable\\" aria-label=\\"series color\\" title=\\"change series color\\"><div><svg xmlns=\\"http://www.w3.org/2000/svg\\" width=\\"16\\" height=\\"16\\" class=\\"echIcon\\" color=\\"#0c7b93\\" focusable=\\"false\\"><defs><circle id=\\"dot-a\\" cx=\\"8\\" cy=\\"8\\" r=\\"4\\"></circle></defs><g><use xlink:href=\\"#dot-a\\"></use></g></svg></div></div><div class=\\"echLegendItem__label echLegendItem__label--clickable\\" title=\\"splitc\\">splitc</div></li><li class=\\"echLegendItem echLegendItem--right\\" data-ech-series-name=\\"splitd\\"><div class=\\"echLegendItem__color echLegendItem__color--changable\\" aria-label=\\"series color\\" title=\\"change series color\\"><div><svg xmlns=\\"http://www.w3.org/2000/svg\\" width=\\"16\\" height=\\"16\\" class=\\"echIcon\\" color=\\"#0c7b93\\" focusable=\\"false\\"><defs><circle id=\\"dot-a\\" cx=\\"8\\" cy=\\"8\\" r=\\"4\\"></circle></defs><g><use xlink:href=\\"#dot-a\\"></use></g></svg></div></div><div class=\\"echLegendItem__label echLegendItem__label--clickable\\" title=\\"splitd\\">splitd</div></li>"`;

exports[`Legend #legendColorPicker should match snapshot after onClose is called 1`] = `"<li class=\\"echLegendItem echLegendItem--right\\" data-ech-series-name=\\"splita\\"><div class=\\"echLegendItem__color echLegendItem__color--changable\\" aria-label=\\"series color\\" title=\\"change series color\\"><div><svg xmlns=\\"http://www.w3.org/2000/svg\\" width=\\"16\\" height=\\"16\\" class=\\"echIcon\\" color=\\"red\\" focusable=\\"false\\"><defs><circle id=\\"dot-a\\" cx=\\"8\\" cy=\\"8\\" r=\\"4\\"></circle></defs><g><use xlink:href=\\"#dot-a\\"></use></g></svg></div></div><div class=\\"echLegendItem__label echLegendItem__label--clickable\\" title=\\"splita\\">splita</div></li><li class=\\"echLegendItem echLegendItem--right\\" data-ech-series-name=\\"splitb\\"><div class=\\"echLegendItem__color echLegendItem__color--changable\\" aria-label=\\"series color\\" title=\\"change series color\\"><div><svg xmlns=\\"http://www.w3.org/2000/svg\\" width=\\"16\\" height=\\"16\\" class=\\"echIcon\\" color=\\"red\\" focusable=\\"false\\"><defs><circle id=\\"dot-a\\" cx=\\"8\\" cy=\\"8\\" r=\\"4\\"></circle></defs><g><use xlink:href=\\"#dot-a\\"></use></g></svg></div></div><div class=\\"echLegendItem__label echLegendItem__label--clickable\\" title=\\"splitb\\">splitb</div></li><li class=\\"echLegendItem echLegendItem--right\\" data-ech-series-name=\\"splitc\\"><div class=\\"echLegendItem__color echLegendItem__color--changable\\" aria-label=\\"series color\\" title=\\"change series color\\"><div><svg xmlns=\\"http://www.w3.org/2000/svg\\" width=\\"16\\" height=\\"16\\" class=\\"echIcon\\" color=\\"red\\" focusable=\\"false\\"><defs><circle id=\\"dot-a\\" cx=\\"8\\" cy=\\"8\\" r=\\"4\\"></circle></defs><g><use xlink:href=\\"#dot-a\\"></use></g></svg></div></div><div class=\\"echLegendItem__label echLegendItem__label--clickable\\" title=\\"splitc\\">splitc</div></li><li class=\\"echLegendItem echLegendItem--right\\" data-ech-series-name=\\"splitd\\"><div class=\\"echLegendItem__color echLegendItem__color--changable\\" aria-label=\\"series color\\" title=\\"change series color\\"><div><svg xmlns=\\"http://www.w3.org/2000/svg\\" width=\\"16\\" height=\\"16\\" class=\\"echIcon\\" color=\\"red\\" focusable=\\"false\\"><defs><circle id=\\"dot-a\\" cx=\\"8\\" cy=\\"8\\" r=\\"4\\"></circle></defs><g><use xlink:href=\\"#dot-a\\"></use></g></svg></div></div><div class=\\"echLegendItem__label echLegendItem__label--clickable\\" title=\\"splitd\\">splitd</div></li>"`;

exports[`Legend #legendColorPicker should render colorPicker when color is clicked 1`] = `"<div id=\\"colorPicker\\"><span>Custom Color Picker</span><button id=\\"change\\" type=\\"button\\">#0c7b93</button><button id=\\"close\\" type=\\"button\\">close</button></div>"`;

exports[`Legend #legendColorPicker should render colorPicker when color is clicked 2`] = `"<li class=\\"echLegendItem echLegendItem--right\\" data-ech-series-name=\\"splita\\"><div class=\\"echLegendItem__color echLegendItem__color--changable\\" aria-label=\\"series color\\" title=\\"change series color\\"><div><svg xmlns=\\"http://www.w3.org/2000/svg\\" width=\\"16\\" height=\\"16\\" class=\\"echIcon\\" color=\\"red\\" focusable=\\"false\\"><defs><circle id=\\"dot-a\\" cx=\\"8\\" cy=\\"8\\" r=\\"4\\"></circle></defs><g><use xlink:href=\\"#dot-a\\"></use></g></svg></div></div><div class=\\"echLegendItem__label echLegendItem__label--clickable\\" title=\\"splita\\">splita</div></li><div id=\\"colorPicker\\"><span>Custom Color Picker</span><button id=\\"change\\" type=\\"button\\">#0c7b93</button><button id=\\"close\\" type=\\"button\\">close</button></div><li class=\\"echLegendItem echLegendItem--right\\" data-ech-series-name=\\"splitb\\"><div class=\\"echLegendItem__color echLegendItem__color--changable\\" aria-label=\\"series color\\" title=\\"change series color\\"><div><svg xmlns=\\"http://www.w3.org/2000/svg\\" width=\\"16\\" height=\\"16\\" class=\\"echIcon\\" color=\\"red\\" focusable=\\"false\\"><defs><circle id=\\"dot-a\\" cx=\\"8\\" cy=\\"8\\" r=\\"4\\"></circle></defs><g><use xlink:href=\\"#dot-a\\"></use></g></svg></div></div><div class=\\"echLegendItem__label echLegendItem__label--clickable\\" title=\\"splitb\\">splitb</div></li><li class=\\"echLegendItem echLegendItem--right\\" data-ech-series-name=\\"splitc\\"><div class=\\"echLegendItem__color echLegendItem__color--changable\\" aria-label=\\"series color\\" title=\\"change series color\\"><div><svg xmlns=\\"http://www.w3.org/2000/svg\\" width=\\"16\\" height=\\"16\\" class=\\"echIcon\\" color=\\"red\\" focusable=\\"false\\"><defs><circle id=\\"dot-a\\" cx=\\"8\\" cy=\\"8\\" r=\\"4\\"></circle></defs><g><use xlink:href=\\"#dot-a\\"></use></g></svg></div></div><div class=\\"echLegendItem__label echLegendItem__label--clickable\\" title=\\"splitc\\">splitc</div></li><li class=\\"echLegendItem echLegendItem--right\\" data-ech-series-name=\\"splitd\\"><div class=\\"echLegendItem__color echLegendItem__color--changable\\" aria-label=\\"series color\\" title=\\"change series color\\"><div><svg xmlns=\\"http://www.w3.org/2000/svg\\" width=\\"16\\" height=\\"16\\" class=\\"echIcon\\" color=\\"red\\" focusable=\\"false\\"><defs><circle id=\\"dot-a\\" cx=\\"8\\" cy=\\"8\\" r=\\"4\\"></circle></defs><g><use xlink:href=\\"#dot-a\\"></use></g></svg></div></div><div class=\\"echLegendItem__label echLegendItem__label--clickable\\" title=\\"splitd\\">splitd</div></li>"`;
