// Jest Snapshot v1, https://goo.gl/fbAQLP

exports[`Partition - Legend item values should return all values in nested legend 1`] = `{}`;

exports[`Partition - Legend item values should return values in nested legend within max depth of 1 1`] = `{}`;

exports[`Partition - Legend item values should return values in nested legend within max depth of 2 1`] = `{}`;
