// Jest Snapshot v1, https://goo.gl/fbAQLP

exports[`Chart should render the legend name test 1`] = `"<div class=\\"echChart\\" style=\\"width: 100px; height: 100px;\\"><div class=\\"echChartBackground\\" style=\\"background-color: transparent;\\"></div><div class=\\"echChartStatus\\" data-ech-render-complete=\\"true\\" data-ech-render-count=\\"1\\"></div><div class=\\"echChartResizer\\"></div><div class=\\"echLegend echLegend--right echLegend--debug\\"><div style=\\"width: 50px; max-width: 50px; margin-left: 0px; margin-right: 0px;\\" class=\\"echLegendListContainer\\"><ul style=\\"padding-top: 10px; padding-bottom: 10px;\\" class=\\"echLegendList\\"><li class=\\"echLegendItem echLegendItem--right\\" data-ech-series-name=\\"test\\"><div class=\\"echLegendItem__color\\" aria-label=\\"series color\\" title=\\"series color\\"><div><svg xmlns=\\"http://www.w3.org/2000/svg\\" width=\\"16\\" height=\\"16\\" class=\\"echIcon\\" color=\\"#1EA593\\" focusable=\\"false\\"><defs><circle id=\\"dot-a\\" cx=\\"8\\" cy=\\"8\\" r=\\"4\\"></circle></defs><g><use xlink:href=\\"#dot-a\\"></use></g></svg></div></div><div class=\\"echLegendItem__label echLegendItem__label--clickable\\" title=\\"test\\">test</div></li></ul></div></div><div class=\\"echContainer\\"><div class=\\"echChartPointerContainer\\" style=\\"cursor: default;\\"><div class=\\"echCrosshair\\"><div class=\\"echCrosshair__band\\" style=\\"top: -1px; left: -1px; width: 0px; height: 0px; background: rgb(245, 245, 245);\\"></div></div><canvas class=\\"echCanvasRenderer\\" width=\\"150\\" height=\\"200\\" style=\\"width: 150px; height: 200px;\\"></canvas><svg class=\\"echHighlighter\\"><defs><clipPath id=\\"echHighlighterClipPath__chart1\\"><rect x=\\"0\\" y=\\"0\\" width=\\"130\\" height=\\"180\\"></rect></clipPath></defs><g transform=\\"translate(10, 10) rotate(0)\\"></g></svg></div></div></div>"`;
