// Jest Snapshot v1, https://goo.gl/fbAQLP

exports[`XYChart - debug state line chart rotation: -90 1`] = `
{
  "annotations": [],
  "areas": [],
  "axes": {
    "x": [
      {
        "gridlines": [],
        "id": "xAxis",
        "labels": [
          "0",
          "1",
          "2",
          "3",
          "4",
          "5",
          "6",
          "7",
          "8",
          "9",
          "10",
        ],
        "position": "left",
        "title": undefined,
        "values": [
          0,
          1,
          2,
          3,
          4,
          5,
          6,
          7,
          8,
          9,
          10,
        ],
      },
    ],
    "y": [
      {
        "gridlines": [],
        "id": "yAxis",
        "labels": [
          "0",
          "1",
          "2",
          "3",
          "4",
          "5",
          "6",
          "7",
          "8",
          "9",
          "10",
        ],
        "position": "bottom",
        "title": undefined,
        "values": [
          0,
          1,
          2,
          3,
          4,
          5,
          6,
          7,
          8,
          9,
          10,
        ],
      },
    ],
  },
  "bars": [],
  "legend": {
    "items": [
      {
        "color": "#54B399",
        "key": "groupId{__global__}spec{spec1}yAccessor{1}splitAccessors{}",
        "name": "spec1",
      },
    ],
  },
  "lines": [
    {
      "color": "#54B399",
      "key": "groupId{__global__}spec{spec1}yAccessor{1}splitAccessors{}",
      "name": "spec1",
      "path": "M0,159.5L64,112L160,0",
      "points": [
        {
          "mark": null,
          "x": 0,
          "y": 0,
        },
        {
          "mark": null,
          "x": 4,
          "y": 3,
        },
        {
          "mark": null,
          "x": 10,
          "y": 10,
        },
      ],
      "visible": true,
      "visiblePoints": true,
    },
  ],
}
`;

exports[`XYChart - debug state line chart rotation: 0 1`] = `
{
  "annotations": [],
  "areas": [],
  "axes": {
    "x": [
      {
        "gridlines": [],
        "id": "xAxis",
        "labels": [
          "0",
          "1",
          "2",
          "3",
          "4",
          "5",
          "6",
          "7",
          "8",
          "9",
          "10",
        ],
        "position": "bottom",
        "title": undefined,
        "values": [
          0,
          1,
          2,
          3,
          4,
          5,
          6,
          7,
          8,
          9,
          10,
        ],
      },
    ],
    "y": [
      {
        "gridlines": [],
        "id": "yAxis",
        "labels": [
          "0",
          "1",
          "2",
          "3",
          "4",
          "5",
          "6",
          "7",
          "8",
          "9",
          "10",
        ],
        "position": "left",
        "title": undefined,
        "values": [
          0,
          1,
          2,
          3,
          4,
          5,
          6,
          7,
          8,
          9,
          10,
        ],
      },
    ],
  },
  "bars": [],
  "legend": {
    "items": [
      {
        "color": "#54B399",
        "key": "groupId{__global__}spec{spec1}yAccessor{1}splitAccessors{}",
        "name": "spec1",
      },
    ],
  },
  "lines": [
    {
      "color": "#54B399",
      "key": "groupId{__global__}spec{spec1}yAccessor{1}splitAccessors{}",
      "name": "spec1",
      "path": "M0,159.5L64,112L160,0",
      "points": [
        {
          "mark": null,
          "x": 0,
          "y": 0,
        },
        {
          "mark": null,
          "x": 4,
          "y": 3,
        },
        {
          "mark": null,
          "x": 10,
          "y": 10,
        },
      ],
      "visible": true,
      "visiblePoints": true,
    },
  ],
}
`;

exports[`XYChart - debug state line chart rotation: 90 1`] = `
{
  "annotations": [],
  "areas": [],
  "axes": {
    "x": [
      {
        "gridlines": [],
        "id": "xAxis",
        "labels": [
          "0",
          "1",
          "2",
          "3",
          "4",
          "5",
          "6",
          "7",
          "8",
          "9",
          "10",
        ],
        "position": "left",
        "title": undefined,
        "values": [
          0,
          1,
          2,
          3,
          4,
          5,
          6,
          7,
          8,
          9,
          10,
        ],
      },
    ],
    "y": [
      {
        "gridlines": [],
        "id": "yAxis",
        "labels": [
          "0",
          "1",
          "2",
          "3",
          "4",
          "5",
          "6",
          "7",
          "8",
          "9",
          "10",
        ],
        "position": "bottom",
        "title": undefined,
        "values": [
          0,
          1,
          2,
          3,
          4,
          5,
          6,
          7,
          8,
          9,
          10,
        ],
      },
    ],
  },
  "bars": [],
  "legend": {
    "items": [
      {
        "color": "#54B399",
        "key": "groupId{__global__}spec{spec1}yAccessor{1}splitAccessors{}",
        "name": "spec1",
      },
    ],
  },
  "lines": [
    {
      "color": "#54B399",
      "key": "groupId{__global__}spec{spec1}yAccessor{1}splitAccessors{}",
      "name": "spec1",
      "path": "M0,159.5L64,112L160,0",
      "points": [
        {
          "mark": null,
          "x": 0,
          "y": 0,
        },
        {
          "mark": null,
          "x": 4,
          "y": 3,
        },
        {
          "mark": null,
          "x": 10,
          "y": 10,
        },
      ],
      "visible": true,
      "visiblePoints": true,
    },
  ],
}
`;

exports[`XYChart - debug state line chart rotation: 180 1`] = `
{
  "annotations": [],
  "areas": [],
  "axes": {
    "x": [
      {
        "gridlines": [],
        "id": "xAxis",
        "labels": [
          "0",
          "1",
          "2",
          "3",
          "4",
          "5",
          "6",
          "7",
          "8",
          "9",
          "10",
        ],
        "position": "bottom",
        "title": undefined,
        "values": [
          0,
          1,
          2,
          3,
          4,
          5,
          6,
          7,
          8,
          9,
          10,
        ],
      },
    ],
    "y": [
      {
        "gridlines": [],
        "id": "yAxis",
        "labels": [
          "0",
          "1",
          "2",
          "3",
          "4",
          "5",
          "6",
          "7",
          "8",
          "9",
          "10",
        ],
        "position": "left",
        "title": undefined,
        "values": [
          0,
          1,
          2,
          3,
          4,
          5,
          6,
          7,
          8,
          9,
          10,
        ],
      },
    ],
  },
  "bars": [],
  "legend": {
    "items": [
      {
        "color": "#54B399",
        "key": "groupId{__global__}spec{spec1}yAccessor{1}splitAccessors{}",
        "name": "spec1",
      },
    ],
  },
  "lines": [
    {
      "color": "#54B399",
      "key": "groupId{__global__}spec{spec1}yAccessor{1}splitAccessors{}",
      "name": "spec1",
      "path": "M0,159.5L64,112L160,0",
      "points": [
        {
          "mark": null,
          "x": 0,
          "y": 0,
        },
        {
          "mark": null,
          "x": 4,
          "y": 3,
        },
        {
          "mark": null,
          "x": 10,
          "y": 10,
        },
      ],
      "visible": true,
      "visiblePoints": true,
    },
  ],
}
`;
